recraft batch: 270 to submit, 0 cached, 79 already keyed/skipped
   submitted 10/270
   submitted 20/270
   submitted 30/270
   submitted 40/270
   submitted 50/270
   submitted 60/270
   submitted 70/270
   submitted 80/270
   submitted 90/270
   submitted 100/270
   submitted 110/270
   submitted 120/270
   submitted 130/270
   submitted 140/270
   submitted 150/270
   submitted 160/270
   submitted 170/270
   submitted 180/270
   submitted 190/270
   submitted 200/270
   submitted 210/270
   submitted 220/270
   submitted 230/270
   submitted 240/270
   submitted 250/270
   submitted 260/270
   submitted 270/270
submitted 270 task(s), 0 failed to submit
   1/270 icon_alt_chevron_striped_canister: keyed
   2/270 icon_alt_claw_hook: keyed
   3/270 icon_alt_circle_slash: keyed
   4/270 icon_alt_claw_ring_coupling: keyed
   5/270 icon_alt_chevron_vent_block: keyed
   6/270 icon_alt_chunky_dark_rock: keyed
   7/270 icon_alt_chevron_marked_hatch: keyed
   8/270 icon_alt_crosshair_target_reticle: keyed
   9/270 icon_alt_circular_ring_hatch: keyed
  10/270 icon_alt_cracked_glowing_rock: keyed
  11/270 icon_alt_clawed_cone_lamp: keyed
  12/270 icon_alt_crossed_frame: keyed
  13/270 icon_alt_crystal_cluster_rock: keyed
  14/270 icon_alt_crosshair_targeting_plaque: keyed
  15/270 icon_alt_diamond_box_module: keyed
  16/270 icon_alt_dark_jagged_boulder: keyed
  17/270 icon_alt_cubic_rusty_block: keyed
  18/270 icon_alt_dome_arch_module: keyed
  19/270 icon_alt_dish_antenna_device: keyed
  20/270 icon_alt_dish_antenna_signal: keyed
  21/270 icon_alt_double_window_panels: keyed
  22/270 icon_alt_double_arrow_marker: keyed
  23/270 icon_alt_embedded_metal_rock: keyed
  24/270 icon_alt_double_barreled_cannon: keyed
  25/270 icon_alt_double_ridged_bar: keyed
  26/270 icon_alt_drilled_metal_bar: keyed
  27/270 icon_alt_faceted_dark_crystal: keyed
  28/270 icon_alt_flame_emblem: keyed
  29/270 icon_alt_double_winged_lamp: keyed
  30/270 icon_alt_double_grooved_block: keyed
  31/270 icon_alt_exhaust_thruster_nozzle: keyed
  32/270 icon_alt_flared_tower_silhouette: keyed
  33/270 icon_alt_front_view_enemy_ship: keyed
  34/270 icon_alt_flat_topped_rock: keyed
  35/270 icon_alt_glowing_arched_handle: keyed
  36/270 icon_alt_glowing_vertical_core: keyed
  37/270 icon_alt_flat_plate_dark_gray: keyed
  38/270 icon_alt_glowing_coil_module: keyed
  39/270 icon_alt_golden_porous_rock: keyed
  40/270 icon_alt_gripper_claw_device: keyed
  41/270 icon_alt_launching_pad: keyed
  42/270 icon_alt_glowing_barrel_weapon: keyed
  43/270 icon_alt_hangar_fighters: keyed
  44/270 icon_alt_lattice_patterned_plate: keyed
  45/270 icon_alt_hollow_metal_pipe: keyed
  46/270 icon_alt_hopper_funnel_unit: keyed
  47/270 icon_alt_flat_angular_slab: keyed
  48/270 icon_alt_hopper_funnel: keyed
  49/270 icon_alt_grooved_rounded_bar: keyed
  50/270 icon_alt_octagonal_bracket_frame: keyed
  51/270 icon_alt_orange_arc_gauge: keyed
  52/270 icon_alt_octagonal_frame_hatch: keyed
  53/270 icon_alt_layered_dark_stone: keyed
  54/270 icon_alt_open_metal_crate: keyed
  55/270 icon_alt_open_clamp_module: keyed
  56/270 icon_alt_hangar_fighter_bay: keyed
  57/270 icon_alt_orange_lined_reactor: keyed
  58/270 icon_alt_missile_crosshair: keyed
  59/270 icon_alt_octagonal_ring_module: keyed
  60/270 icon_alt_ringed_glowing_device: keyed
  61/270 icon_alt_part_4_2: keyed
  62/270 icon_alt_perforated_metal_block: keyed
  63/270 icon_alt_octagonal_armored_plate: keyed
  64/270 icon_alt_rear_view_enemy_ship: keyed
  65/270 icon_alt_part_4: keyed
  66/270 icon_alt_pointed_rocket_missile: keyed
  67/270 icon_alt_part_6: keyed
  68/270 icon_alt_orange_veined_rock: keyed
  69/270 icon_alt_riveted_side_panel: keyed
  70/270 icon_alt_ridged_rectangular_bar: keyed
  71/270 icon_alt_rusty_cone_lamp: keyed
  72/270 icon_alt_robotic_arm: keyed
  73/270 icon_alt_rounded_metal_brick: keyed
  74/270 icon_alt_robotic_claw_arm: keyed
  75/270 icon_alt_sensor_targeting_modules: keyed
  76/270 icon_alt_side_podded_module: keyed
  77/270 icon_alt_shield: keyed
  78/270 icon_alt_rock_with_gem: keyed
  79/270 icon_alt_rusty_grooved_bar: keyed
  80/270 icon_alt_rusty_fractured_rock: keyed
  81/270 icon_alt_spiky_mineral_formation: keyed
  82/270 icon_alt_split_end_bar: keyed
  83/270 icon_alt_slotted_metal_block: keyed
  84/270 icon_alt_square_metal_plate: keyed
  85/270 icon_alt_square_circuit_panel: keyed
  86/270 icon_alt_spiked_metal_rock: keyed
  87/270 icon_alt_spiked_naval_mine: keyed
  88/270 icon_alt_stacked_plate_layers: keyed
  89/270 icon_alt_square_circuit_block: keyed
  90/270 icon_alt_side_view_enemy_ship: keyed
  91/270 icon_alt_stacked_flat_stones: keyed
  92/270 icon_alt_smooth_clear_shard: keyed
  93/270 icon_alt_square_notched_block: keyed
  94/270 icon_alt_stacked_metal_plates: keyed
  95/270 icon_alt_stepped_metal_block: keyed
  96/270 icon_alt_stepped_angled_bar: keyed
  97/270 icon_alt_thin_arched_handle: keyed
  98/270 icon_alt_striped_dark_mineral: keyed
  99/270 icon_alt_tapered_metal_wedge: keyed
 100/270 icon_alt_trapezoid_cup_module: keyed
 101/270 icon_alt_thruster_exhaust: keyed
 102/270 icon_alt_three_horizontal_bars: keyed
 103/270 icon_alt_thick_arched_handle: keyed
 104/270 icon_alt_u_channel_bar: keyed
 105/270 icon_alt_thin_sharp_shard: keyed
 106/270 icon_alt_vented_power_block: keyed
 107/270 icon_alt_trapezoid_vent_panel: keyed
 108/270 icon_alt_vented_trapezoid_thruster: keyed
 109/270 icon_alt_winged_tower_emitter: keyed
 110/270 icon_alt_thruster_engine_block: keyed
 111/270 icon_booster_speed: keyed
 112/270 icon_alt_vault_door: keyed
 113/270 icon_alt_x_scored_block: keyed
 114/270 icon_booster_shield: keyed
 115/270 icon_booster_emp: keyed
 116/270 icon_cargo_container: keyed
 117/270 icon_booster_repair: keyed
 118/270 icon_alt_vertical_storage_containers: keyed
 119/270 icon_booster_damage: keyed
 120/270 icon_booster_teleport: keyed
 121/270 icon_cargo_data_core: keyed
 122/270 icon_contract_escort: keyed
 123/270 icon_cargo_fuel_cell: keyed
 124/270 icon_contract_expedition: keyed
 125/270 icon_contract_gather: keyed
 126/270 icon_contract_haul: keyed
 127/270 icon_cargo_crate: keyed
 128/270 icon_cargo_ore: keyed
 129/270 icon_cargo_salvage: keyed
 130/270 icon_close: keyed
 131/270 icon_equip_module: keyed
 132/270 icon_equip_generator: keyed
 133/270 icon_contract_hunt: keyed
 134/270 icon_equip_shield_gen: keyed
 135/270 icon_equip_drone: keyed
 136/270 icon_equip_extra: keyed
 137/270 icon_equip_pet: keyed
 138/270 icon_credits: keyed
 139/270 icon_gear: keyed
 140/270 icon_equip_engine: keyed
 141/270 icon_logout: keyed
 142/270 icon_ingot_aluminium: keyed
 143/270 icon_ingot_cerulite: keyed
 144/270 icon_ingot_copper: keyed
 145/270 icon_zoom_minus: keyed
 146/270 icon_ingot_chromium: keyed
 147/270 icon_hull: keyed
 148/270 icon_shield: keyed
 149/270 icon_zoom_plus: keyed
 150/270 icon_ingot_iron: keyed
 151/270 icon_ingot_krilium: keyed
 152/270 icon_ingot_cobalt: keyed
 153/270 icon_ingot_nickel: keyed
 154/270 icon_ingot_osmium: keyed
 155/270 icon_ingot_iridium: keyed
 156/270 icon_ingot_platinum: keyed
 157/270 icon_ingot_neodymium: keyed
 158/270 icon_ingot_silicon: keyed
 159/270 icon_ingot_silver: keyed
 160/270 icon_ingot_emberite: keyed
 161/270 icon_ingot_titanium: keyed
 162/270 icon_ingot_palladium: keyed
 163/270 icon_map_node_danger: keyed
 164/270 icon_map_bookmark: keyed
 165/270 icon_insignia_concord: keyed
 166/270 icon_map_node_gate: keyed
 167/270 icon_insignia_choir: keyed
 168/270 icon_ingot_tungsten: keyed
 169/270 icon_ingot_voidglass: keyed
 170/270 icon_insignia_meridian: keyed
 171/270 icon_map_node_station: keyed
 172/270 icon_mineral_cerulite: keyed
 173/270 icon_map_node_neutral: keyed
 174/270 icon_mineral_chromium: keyed
 175/270 icon_map_node_home: keyed
 176/270 icon_mineral_aluminium: keyed
 177/270 icon_map_route: keyed
 178/270 icon_mineral_iridium: keyed
 179/270 icon_map_node_pvp: keyed
 180/270 icon_mineral_gold: keyed
 181/270 icon_mineral_krilium: keyed
 182/270 icon_mineral_emberite: keyed
 183/270 icon_mineral_silicon: keyed
 184/270 icon_mineral_cobalt: keyed
 185/270 icon_mineral_osmium: keyed
 186/270 icon_mineral_neodymium: keyed
 187/270 icon_mineral_palladium: keyed
 188/270 icon_mineral_nickel: keyed
 189/270 icon_mineral_iron: keyed
 190/270 icon_mineral_platinum: keyed
 191/270 icon_module_c_target: keyed
 192/270 icon_module_c_nexus: keyed
 193/270 icon_module_c_ewar: keyed
 194/270 icon_mineral_tungsten: keyed
 195/270 icon_mineral_silver: keyed
 196/270 icon_mineral_titanium: keyed
 197/270 icon_module_b_afterburner: keyed
 198/270 icon_module_c_scanner: keyed
 199/270 icon_module_c_twin: keyed
 200/270 icon_mineral_voidglass: keyed
 201/270 icon_module_h_composite: keyed
 202/270 icon_module_e_std: keyed
 203/270 icon_module_p_std: keyed
 204/270 icon_module_h_plate_heavy: keyed
 205/270 icon_module_s_heavy: keyed
 206/270 icon_module_e_vector: keyed
 207/270 icon_module_p_core: keyed
 208/270 icon_module_e_ion: keyed
 209/270 icon_module_b_fold: keyed
 210/270 icon_module_p_mk2: keyed
 211/270 icon_module_u_holds: keyed
 212/270 icon_module_u_cargo: keyed
 213/270 icon_module_u_drones: keyed
 214/270 icon_module_w_mining: keyed
 215/270 icon_module_u_refine: keyed
 216/270 icon_module_s_light: keyed
 217/270 icon_module_s_ion: keyed
 218/270 icon_module_u_salvage: keyed
 219/270 icon_module_u_tractor: keyed
 220/270 icon_module_w_railgun: keyed
 221/270 icon_slot_s: keyed
 222/270 icon_service_bounty: keyed
 223/270 icon_service_insurance: keyed
 224/270 icon_slot_power: keyed
 225/270 icon_slot_h: keyed
 226/270 icon_slot_engine: keyed
 227/270 icon_slot_b: keyed
 228/270 icon_slot_c: keyed
 229/270 icon_service_vault: keyed
 230/270 icon_slot_u: keyed
 231/270 icon_status_drained: keyed
 232/270 icon_status_repairing: keyed
 233/270 icon_status_shielded: keyed
 234/270 icon_status_radiated: keyed
 235/270 icon_status_cloaked: keyed
 236/270 icon_ammo: keyed
 237/270 icon_status_slowed: keyed
 238/270 icon_slot_w: keyed
 239/270 icon_status_locked: keyed
 240/270 icon_status_disabled: keyed
 241/270 icon_weapon_cannon: keyed
 242/270 icon_weapon_rocket: keyed
 243/270 icon_ammo_laser: keyed
 244/270 icon_weapon_plasma: keyed
 245/270 icon_weapon_mine: keyed
 246/270 icon_weapon_laser: keyed
 247/270 icon_status_burning: keyed
 248/270 logo_vajb_orbit: keyed
 249/270 ui_button_plate_disabled: keyed
 250/270 icon_ammo_rocket: keyed
 251/270 ui_minimap_bezel: keyed
 252/270 ui_insignia_ven: keyed
 253/270 ui_button_plate_pressed: keyed
 254/270 ui_insignia_mmo: keyed
 255/270 ui_button_plate_hover: keyed
 256/270 ui_panel_frame_alt: keyed
 257/270 ui_slot_cargo_hover: keyed
 258/270 ui_button_plate_normal: keyed
 259/270 ui_slot_cargo_normal: keyed
 260/270 ui_slot_cargo_disabled: keyed
 261/270 ui_slot_inventory_normal: keyed
 262/270 ui_slot_inventory_hover: keyed
 263/270 ui_slot_weapon_hover: keyed
 264/270 ui_slot_weapon_pressed: keyed
 265/270 ui_slot_inventory_disabled: keyed
 266/270 ui_slot_inventory_pressed: keyed
 267/270 ui_slot_weapon_disabled: keyed
 268/270 ui_insignia_mic: keyed
 269/270 ui_slot_weapon_normal: keyed
 270/270 ui_slot_cargo_pressed: keyed
batch done: 270 new recraft call(s) billed, 270 sprite(s) keyed, 0 failure(s)
