recraft batch: 88 sprite(s) to key, 4 already keyed/skipped
   1/88 ship_bomber_three_quarter: keyed 1013x991
   2/88 ship_boss_boneyard: keyed 2232x1091
   3/88 ship_boss_leviathan: keyed 2157x1849
   4/88 ship_boss_maw: keyed 2061x2110
   5/88 ship_boss_maw_mmo: keyed 2062x2110
   6/88 ship_boss_pyre: keyed 2235x752
   7/88 ship_boss_spire: keyed 2223x1522
   8/88 ship_boss_thorn: keyed 2225x2114
   9/88 ship_corvette_back: keyed 982x995
  10/88 ship_corvette_front: keyed 982x995
  11/88 ship_corvette_mmo_back: keyed 979x997
  12/88 ship_corvette_mmo_front: keyed 979x997
  13/88 ship_corvette_mmo_side: keyed 979x997
  14/88 ship_corvette_mmo_three_quarter: keyed 979x997
  15/88 ship_corvette_side: keyed 982x995
  16/88 ship_corvette_three_quarter: keyed 982x995
  17/88 ship_destroyer_back: keyed 1094x1029
  18/88 ship_destroyer_front: keyed 1094x1029
  19/88 ship_destroyer_side: keyed 1094x1029
  20/88 ship_destroyer_three_quarter: keyed 1094x1029
  21/88 ship_drone_swarm_back: keyed 867x874
  22/88 ship_drone_swarm_front: keyed 867x874
  23/88 ship_drone_swarm_side: keyed 867x874
  24/88 ship_drone_swarm_three_quarter: keyed 867x874
  25/88 ship_fighter_back: keyed 896x895
  26/88 ship_fighter_choir_back: keyed 896x893
  27/88 ship_fighter_choir_front: keyed 896x893
  28/88 ship_fighter_choir_side: keyed 896x893
  29/88 ship_fighter_choir_three_quarter: keyed 896x893
  30/88 ship_fighter_concord_back: keyed 896x900
  31/88 ship_fighter_concord_front: keyed 896x900
  32/88 ship_fighter_concord_side: keyed 896x900
  33/88 ship_fighter_concord_three_quarter: keyed 896x900
  34/88 ship_fighter_front: keyed 896x895
  35/88 ship_fighter_meridian_back: keyed 896x891
  36/88 ship_fighter_meridian_front: keyed 896x891
  37/88 ship_fighter_meridian_side: keyed 896x891
  38/88 ship_fighter_meridian_three_quarter: keyed 896x891
  39/88 ship_fighter_mmo_back: keyed 895x889
  40/88 ship_fighter_mmo_front: keyed 895x889
  41/88 ship_fighter_mmo_side: keyed 895x889
  42/88 ship_fighter_mmo_three_quarter: keyed 895x889
  43/88 ship_fighter_side: keyed 896x895
  44/88 ship_fighter_three_quarter: keyed 896x895
  45/88 ship_freighter_back: keyed 983x972
  46/88 ship_freighter_front: keyed 983x972
  47/88 ship_freighter_mmo_back: keyed 987x975
  48/88 ship_freighter_mmo_front: keyed 987x975
  49/88 ship_freighter_mmo_side: keyed 987x975
  50/88 ship_freighter_mmo_three_quarter: keyed 987x975
  51/88 ship_freighter_side: keyed 983x972
  52/88 ship_freighter_three_quarter: keyed 983x972
  53/88 ship_gunship_back: keyed 964x892
  54/88 ship_gunship_front: keyed 964x892
  55/88 ship_gunship_side: keyed 964x892
  56/88 ship_gunship_three_quarter: keyed 964x892
  57/88 ship_interceptor_back: keyed 1048x1029
  58/88 ship_interceptor_front: keyed 1048x1029
  59/88 ship_interceptor_side: keyed 1048x1029
  60/88 ship_interceptor_three_quarter: keyed 1048x1029
  61/88 ship_mine_layer_back: keyed 1046x954
  62/88 ship_mine_layer_front: keyed 1046x954
  63/88 ship_mine_layer_side: keyed 1046x954
  64/88 ship_mine_layer_three_quarter: keyed 1046x954
  65/88 ship_miner_back: keyed 1089x932
  66/88 ship_miner_side: keyed 1089x932
  67/88 ship_miner_three_quarter: keyed 1089x932
  68/88 ship_patrol_back: keyed 1169x1042
  69/88 ship_patrol_front: keyed 1169x1042
  70/88 ship_patrol_side: keyed 1169x1042
  71/88 ship_patrol_three_quarter: keyed 1169x1042
  72/88 ship_trader_back: keyed 1083x1015
  73/88 ship_trader_front: keyed 1083x1015
  74/88 ship_trader_side: keyed 1083x1015
  75/88 ship_trader_three_quarter: keyed 1083x1015
  76/88 ship_turret_platform: keyed 2112x1935
  77/88 ship_vanguard_back: keyed 1009x995
  78/88 ship_vanguard_damaged_back: keyed 1023x997
  79/88 ship_vanguard_damaged_front: keyed 1023x997
  80/88 ship_vanguard_damaged_side: keyed 1023x997
  81/88 ship_vanguard_damaged_three_quarter: keyed 1023x997
  82/88 ship_vanguard_front: keyed 1009x995
  83/88 ship_vanguard_mmo_back: keyed 995x985
  84/88 ship_vanguard_mmo_front: keyed 995x985
  85/88 ship_vanguard_mmo_side: keyed 995x985
  86/88 ship_vanguard_mmo_three_quarter: keyed 995x985
  87/88 ship_vanguard_side: keyed 1009x995
  88/88 ship_vanguard_three_quarter: keyed 1009x995
contact sheets: 4 pages -> _review/key_check_recraft_p*.jpg
batch done: 88 new recraft call(s) billed, 88 sprite(s) keyed, 0 failure(s)
